Archive member included to satisfy reference by file (symbol)

/usr/lib/gcc/arm-none-eabi/4.9.3/../../../arm-none-eabi/lib/armv7-m/libc_nano.a(lib_a-atexit.o)
                              /usr/lib/gcc/arm-none-eabi/4.9.3/../../../arm-none-eabi/lib/armv7-m/crt0.o (atexit)
/usr/lib/gcc/arm-none-eabi/4.9.3/../../../arm-none-eabi/lib/armv7-m/libc_nano.a(lib_a-exit.o)
                              /usr/lib/gcc/arm-none-eabi/4.9.3/../../../arm-none-eabi/lib/armv7-m/crt0.o (exit)
/usr/lib/gcc/arm-none-eabi/4.9.3/../../../arm-none-eabi/lib/armv7-m/libc_nano.a(lib_a-fini.o)
                              /usr/lib/gcc/arm-none-eabi/4.9.3/../../../arm-none-eabi/lib/armv7-m/crt0.o (__libc_fini_array)
/usr/lib/gcc/arm-none-eabi/4.9.3/../../../arm-none-eabi/lib/armv7-m/libc_nano.a(lib_a-impure.o)
                              /usr/lib/gcc/arm-none-eabi/4.9.3/../../../arm-none-eabi/lib/armv7-m/libc_nano.a(lib_a-exit.o) (_global_impure_ptr)
/usr/lib/gcc/arm-none-eabi/4.9.3/../../../arm-none-eabi/lib/armv7-m/libc_nano.a(lib_a-init.o)
                              /usr/lib/gcc/arm-none-eabi/4.9.3/../../../arm-none-eabi/lib/armv7-m/crt0.o (__libc_init_array)
/usr/lib/gcc/arm-none-eabi/4.9.3/../../../arm-none-eabi/lib/armv7-m/libc_nano.a(lib_a-memset.o)
                              /usr/lib/gcc/arm-none-eabi/4.9.3/../../../arm-none-eabi/lib/armv7-m/crt0.o (memset)
/usr/lib/gcc/arm-none-eabi/4.9.3/../../../arm-none-eabi/lib/armv7-m/libc_nano.a(lib_a-__atexit.o)
                              /usr/lib/gcc/arm-none-eabi/4.9.3/../../../arm-none-eabi/lib/armv7-m/libc_nano.a(lib_a-atexit.o) (__register_exitproc)
/usr/lib/gcc/arm-none-eabi/4.9.3/../../../arm-none-eabi/lib/armv7-m/libc_nano.a(lib_a-__call_atexit.o)
                              /usr/lib/gcc/arm-none-eabi/4.9.3/../../../arm-none-eabi/lib/armv7-m/libc_nano.a(lib_a-__atexit.o) (__call_exitprocs)
/usr/lib/gcc/arm-none-eabi/4.9.3/../../../arm-none-eabi/lib/armv7-m/libnosys.a(_exit.o)
                              /usr/lib/gcc/arm-none-eabi/4.9.3/../../../arm-none-eabi/lib/armv7-m/libc_nano.a(lib_a-exit.o) (_exit)

Allocating common symbols
Common symbol       size              file

htim4               0x40              build/tim.o
uwTick              0x4               build/stm32f1xx_hal.o
pFlash              0x20              build/stm32f1xx_hal_flash.o
hdma_usart1_rx      0x44              build/usart.o
huart1              0x40              build/usart.o

Discarded input sections

 .text          0x0000000000000000        0x0 /usr/lib/gcc/arm-none-eabi/4.9.3/armv7-m/crti.o
 .data          0x0000000000000000        0x0 /usr/lib/gcc/arm-none-eabi/4.9.3/armv7-m/crti.o
 .bss           0x0000000000000000        0x0 /usr/lib/gcc/arm-none-eabi/4.9.3/armv7-m/crti.o
 .data          0x0000000000000000        0x4 /usr/lib/gcc/arm-none-eabi/4.9.3/armv7-m/crtbegin.o
 .text          0x0000000000000000       0x68 /usr/lib/gcc/arm-none-eabi/4.9.3/../../../arm-none-eabi/lib/armv7-m/crt0.o
 .data          0x0000000000000000        0x0 /usr/lib/gcc/arm-none-eabi/4.9.3/../../../arm-none-eabi/lib/armv7-m/crt0.o
 .bss           0x0000000000000000        0x0 /usr/lib/gcc/arm-none-eabi/4.9.3/../../../arm-none-eabi/lib/armv7-m/crt0.o
 .ARM.extab     0x0000000000000000        0x0 /usr/lib/gcc/arm-none-eabi/4.9.3/../../../arm-none-eabi/lib/armv7-m/crt0.o
 .ARM.exidx     0x0000000000000000        0x8 /usr/lib/gcc/arm-none-eabi/4.9.3/../../../arm-none-eabi/lib/armv7-m/crt0.o
 .debug_line    0x0000000000000000       0x7b /usr/lib/gcc/arm-none-eabi/4.9.3/../../../arm-none-eabi/lib/armv7-m/crt0.o
 .debug_info    0x0000000000000000       0xa8 /usr/lib/gcc/arm-none-eabi/4.9.3/../../../arm-none-eabi/lib/armv7-m/crt0.o
 .debug_abbrev  0x0000000000000000       0x14 /usr/lib/gcc/arm-none-eabi/4.9.3/../../../arm-none-eabi/lib/armv7-m/crt0.o
 .debug_aranges
                0x0000000000000000       0x20 /usr/lib/gcc/arm-none-eabi/4.9.3/../../../arm-none-eabi/lib/armv7-m/crt0.o
 .ARM.attributes
                0x0000000000000000       0x1b /usr/lib/gcc/arm-none-eabi/4.9.3/../../../arm-none-eabi/lib/armv7-m/crt0.o
 .text          0x0000000000000000        0x0 build/main.o
 .data          0x0000000000000000        0x0 build/main.o
 .bss           0x0000000000000000        0x0 build/main.o
 .text          0x0000000000000000        0x0 build/gpio.o
 .data          0x0000000000000000        0x0 build/gpio.o
 .bss           0x0000000000000000        0x0 build/gpio.o
 .text          0x0000000000000000        0x0 build/dma.o
 .data          0x0000000000000000        0x0 build/dma.o
 .bss           0x0000000000000000        0x0 build/dma.o
 .text          0x0000000000000000        0x0 build/tim.o
 .data          0x0000000000000000        0x0 build/tim.o
 .bss           0x0000000000000000        0x0 build/tim.o
 .text.HAL_TIM_PWM_MspDeInit
                0x0000000000000000       0x1c build/tim.o
 .text          0x0000000000000000        0x0 build/usart.o
 .data          0x0000000000000000        0x0 build/usart.o
[...]
Memory Configuration

Name             Origin             Length             Attributes
RAM              0x0000000020000000 0x0000000000005000 xrw
FLASH            0x0000000008000000 0x0000000000010000 xr
*default*        0x0000000000000000 0xffffffffffffffff

Linker script and memory map

LOAD /usr/lib/gcc/arm-none-eabi/4.9.3/armv7-m/crti.o
LOAD /usr/lib/gcc/arm-none-eabi/4.9.3/armv7-m/crtbegin.o
LOAD /usr/lib/gcc/arm-none-eabi/4.9.3/../../../arm-none-eabi/lib/armv7-m/crt0.o
LOAD build/main.o
LOAD build/gpio.o
LOAD build/dma.o
LOAD build/tim.o
LOAD build/usart.o
LOAD build/stm32f1xx_it.o
LOAD build/stm32f1xx_hal_msp.o
LOAD build/stm32f1xx_hal_gpio_ex.o
LOAD build/stm32f1xx_hal_tim.o
LOAD build/stm32f1xx_hal_tim_ex.o
LOAD build/stm32f1xx_hal.o
LOAD build/stm32f1xx_hal_rcc.o
LOAD build/stm32f1xx_hal_rcc_ex.o
LOAD build/stm32f1xx_hal_gpio.o
LOAD build/stm32f1xx_hal_dma.o
LOAD build/stm32f1xx_hal_cortex.o
LOAD build/stm32f1xx_hal_pwr.o
LOAD build/stm32f1xx_hal_flash.o
LOAD build/stm32f1xx_hal_flash_ex.o
LOAD build/stm32f1xx_hal_exti.o
LOAD build/stm32f1xx_hal_uart.o
LOAD build/system_stm32f1xx.o
LOAD build/startup_stm32f103xb.o
LOAD /usr/lib/gcc/arm-none-eabi/4.9.3/../../../arm-none-eabi/lib/armv7-m/libc_nano.a
LOAD /usr/lib/gcc/arm-none-eabi/4.9.3/../../../arm-none-eabi/lib/armv7-m/libm.a
LOAD /usr/lib/gcc/arm-none-eabi/4.9.3/../../../arm-none-eabi/lib/armv7-m/libnosys.a
START GROUP
LOAD /usr/lib/gcc/arm-none-eabi/4.9.3/armv7-m/libgcc.a
LOAD /usr/lib/gcc/arm-none-eabi/4.9.3/../../../arm-none-eabi/lib/armv7-m/libc_nano.a
END GROUP
START GROUP
LOAD /usr/lib/gcc/arm-none-eabi/4.9.3/armv7-m/libgcc.a
LOAD /usr/lib/gcc/arm-none-eabi/4.9.3/../../../arm-none-eabi/lib/armv7-m/libc_nano.a
END GROUP
LOAD /usr/lib/gcc/arm-none-eabi/4.9.3/armv7-m/crtend.o
LOAD /usr/lib/gcc/arm-none-eabi/4.9.3/armv7-m/crtn.o
                0x0000000020005000                _estack = 0x20005000
                0x0000000000000200                _Min_Heap_Size = 0x200
                0x0000000000000400                _Min_Stack_Size = 0x400

.isr_vector     0x0000000008000000      0x10c
                0x0000000008000000                . = ALIGN (0x4)
 *(.isr_vector)
 .isr_vector    0x0000000008000000      0x10c build/startup_stm32f103xb.o
                0x0000000008000000                g_pfnVectors
                0x000000000800010c                . = ALIGN (0x4)

.text           0x000000000800010c     0x1ca0
                0x000000000800010c                . = ALIGN (0x4)
 *(.text)
 .text          0x000000000800010c       0xa4 /usr/lib/gcc/arm-none-eabi/4.9.3/armv7-m/crtbegin.o
 *(.text*)
 .text.SystemClock_Config
                0x00000000080001b0       0x54 build/main.o
                0x00000000080001b0                SystemClock_Config
 .text.main     0x0000000008000204       0xec build/main.o
                0x0000000008000204                main
 .text.HAL_UART_RxCpltCallback
                0x00000000080002f0       0xb0 build/main.o
                0x00000000080002f0                HAL_UART_RxCpltCallback
 .text.Error_Handler
                0x00000000080003a0        0x4 build/main.o
                0x00000000080003a0                Error_Handler
 .text.MX_GPIO_Init
                0x00000000080003a4       0xe0 build/gpio.o
                0x00000000080003a4                MX_GPIO_Init
 .text.MX_DMA_Init
                0x0000000008000484       0x34 build/dma.o
                0x0000000008000484                MX_DMA_Init
 .text.HAL_TIM_PWM_MspInit
                0x00000000080004b8       0x28 build/tim.o
                0x00000000080004b8                HAL_TIM_PWM_MspInit
 .text.HAL_TIM_MspPostInit
                0x00000000080004e0       0x50 build/tim.o
                0x00000000080004e0                HAL_TIM_MspPostInit
 .text.MX_TIM4_Init
                0x0000000008000530       0x8c build/tim.o
                0x0000000008000530                MX_TIM4_Init
 .text.MX_USART1_UART_Init
                0x00000000080005bc       0x34 build/usart.o
                0x00000000080005bc                MX_USART1_UART_Init
 .text.HAL_UART_MspInit
                0x00000000080005f0       0xb8 build/usart.o
                0x00000000080005f0                HAL_UART_MspInit
 .text.NMI_Handler
                0x00000000080006a8        0x4 build/stm32f1xx_it.o
                0x00000000080006a8                NMI_Handler
 .text.HardFault_Handler
                0x00000000080006ac        0x4 build/stm32f1xx_it.o
                0x00000000080006ac                HardFault_Handler
 .text.MemManage_Handler
                0x00000000080006b0        0x4 build/stm32f1xx_it.o
                0x00000000080006b0                MemManage_Handler
 .text.BusFault_Handler
                0x00000000080006b4        0x4 build/stm32f1xx_it.o
                0x00000000080006b4                BusFault_Handler
 .text.UsageFault_Handler
                0x00000000080006b8        0x4 build/stm32f1xx_it.o
                0x00000000080006b8                UsageFault_Handler
 .text.SVC_Handler
                0x00000000080006bc        0x4 build/stm32f1xx_it.o
                0x00000000080006bc                SVC_Handler
 .text.DebugMon_Handler
                0x00000000080006c0        0x4 build/stm32f1xx_it.o
                0x00000000080006c0                DebugMon_Handler
 .text.PendSV_Handler
                0x00000000080006c4        0x4 build/stm32f1xx_it.o
                0x00000000080006c4                PendSV_Handler
 .text.SysTick_Handler
                0x00000000080006c8        0x8 build/stm32f1xx_it.o
                0x00000000080006c8                SysTick_Handler
 .text.DMA1_Channel5_IRQHandler
                0x00000000080006d0       0x10 build/stm32f1xx_it.o
                0x00000000080006d0                DMA1_Channel5_IRQHandler
 .text.USART1_IRQHandler
                0x00000000080006e0       0x10 build/stm32f1xx_it.o
                0x00000000080006e0                USART1_IRQHandler
 .text.HAL_MspInit
                0x00000000080006f0       0x44 build/stm32f1xx_hal_msp.o
                0x00000000080006f0                HAL_MspInit
 .text.TIM_OC1_SetConfig
                0x0000000008000734       0x58 build/stm32f1xx_hal_tim.o
 .text.TIM_OC3_SetConfig
                0x000000000800078c       0x60 build/stm32f1xx_hal_tim.o
 .text.TIM_OC4_SetConfig
                0x00000000080007ec       0x48 build/stm32f1xx_hal_tim.o
 .text.TIM_Base_SetConfig
                0x0000000008000834       0x70 build/stm32f1xx_hal_tim.o
                0x0000000008000834                TIM_Base_SetConfig
 .text.HAL_TIM_PWM_Init
                0x00000000080008a4       0x38 build/stm32f1xx_hal_tim.o
                0x00000000080008a4                HAL_TIM_PWM_Init
 .text.TIM_OC2_SetConfig
                0x00000000080008dc       0x60 build/stm32f1xx_hal_tim.o
                0x00000000080008dc                TIM_OC2_SetConfig
 .text.HAL_TIM_PWM_ConfigChannel
                0x000000000800093c       0xdc build/stm32f1xx_hal_tim.o
                0x000000000800093c                HAL_TIM_PWM_ConfigChannel
 .text.TIM_CCxChannelCmd
                0x0000000008000a18       0x20 build/stm32f1xx_hal_tim.o
                0x0000000008000a18                TIM_CCxChannelCmd
 .text.HAL_TIM_PWM_Start
                0x0000000008000a38       0x38 build/stm32f1xx_hal_tim.o
                0x0000000008000a38                HAL_TIM_PWM_Start
 .text.HAL_TIMEx_MasterConfigSynchronization
                0x0000000008000a70       0x48 build/stm32f1xx_hal_tim_ex.o
                0x0000000008000a70                HAL_TIMEx_MasterConfigSynchronization
 .text.HAL_InitTick
                0x0000000008000ab8       0x4c build/stm32f1xx_hal.o
                0x0000000008000ab8                HAL_InitTick
 .text.HAL_Init
                0x0000000008000b04       0x24 build/stm32f1xx_hal.o
                0x0000000008000b04                HAL_Init
 .text.HAL_IncTick
                0x0000000008000b28       0x18 build/stm32f1xx_hal.o
                0x0000000008000b28                HAL_IncTick
 .text.HAL_GetTick
                0x0000000008000b40        0xc build/stm32f1xx_hal.o
                0x0000000008000b40                HAL_GetTick
 .text.HAL_Delay
                0x0000000008000b4c       0x28 build/stm32f1xx_hal.o
                0x0000000008000b4c                HAL_Delay
 .text.RCC_Delay
                0x0000000008000b74       0x2c build/stm32f1xx_hal_rcc.o
 .text.HAL_RCC_OscConfig
                0x0000000008000ba0      0x434 build/stm32f1xx_hal_rcc.o
                0x0000000008000ba0                HAL_RCC_OscConfig
 .text.HAL_RCC_GetSysClockFreq
                0x0000000008000fd4       0x70 build/stm32f1xx_hal_rcc.o
                0x0000000008000fd4                HAL_RCC_GetSysClockFreq
 .text.HAL_RCC_ClockConfig
                0x0000000008001044      0x170 build/stm32f1xx_hal_rcc.o
                0x0000000008001044                HAL_RCC_ClockConfig
 .text.HAL_RCC_GetHCLKFreq
                0x00000000080011b4        0xc build/stm32f1xx_hal_rcc.o
                0x00000000080011b4                HAL_RCC_GetHCLKFreq
 .text.HAL_RCC_GetPCLK1Freq
                0x00000000080011c0       0x20 build/stm32f1xx_hal_rcc.o
                0x00000000080011c0                HAL_RCC_GetPCLK1Freq
 .text.HAL_RCC_GetPCLK2Freq
                0x00000000080011e0       0x20 build/stm32f1xx_hal_rcc.o
                0x00000000080011e0                HAL_RCC_GetPCLK2Freq
 .text.HAL_GPIO_Init
                0x0000000008001200      0x1ec build/stm32f1xx_hal_gpio.o
                0x0000000008001200                HAL_GPIO_Init
 .text.HAL_GPIO_WritePin
                0x00000000080013ec        0xc build/stm32f1xx_hal_gpio.o
                0x00000000080013ec                HAL_GPIO_WritePin
 .text.DMA_SetConfig
                0x00000000080013f8       0x2c build/stm32f1xx_hal_dma.o
 .text.HAL_DMA_Init
                0x0000000008001424       0x70 build/stm32f1xx_hal_dma.o
                0x0000000008001424                HAL_DMA_Init
 .text.HAL_DMA_Start_IT
                0x0000000008001494       0x74 build/stm32f1xx_hal_dma.o
                0x0000000008001494                HAL_DMA_Start_IT
 .text.HAL_DMA_Abort_IT
                0x0000000008001508       0x98 build/stm32f1xx_hal_dma.o
                0x0000000008001508                HAL_DMA_Abort_IT
 .text.HAL_DMA_IRQHandler
                0x00000000080015a0      0x140 build/stm32f1xx_hal_dma.o
                0x00000000080015a0                HAL_DMA_IRQHandler
 .text.HAL_NVIC_SetPriorityGrouping
                0x00000000080016e0       0x24 build/stm32f1xx_hal_cortex.o
                0x00000000080016e0                HAL_NVIC_SetPriorityGrouping
 .text.HAL_NVIC_SetPriority
                0x0000000008001704       0x64 build/stm32f1xx_hal_cortex.o
                0x0000000008001704                HAL_NVIC_SetPriority
 .text.HAL_NVIC_EnableIRQ
                0x0000000008001768       0x1c build/stm32f1xx_hal_cortex.o
                0x0000000008001768                HAL_NVIC_EnableIRQ
 .text.HAL_SYSTICK_Config
                0x0000000008001784       0x2c build/stm32f1xx_hal_cortex.o
                0x0000000008001784                HAL_SYSTICK_Config
 .text.UART_EndTxTransfer
                0x00000000080017b0       0x14 build/stm32f1xx_hal_uart.o
 .text.UART_EndRxTransfer
                0x00000000080017c4       0x1c build/stm32f1xx_hal_uart.o
 .text.UART_Transmit_IT
                0x00000000080017e0       0x68 build/stm32f1xx_hal_uart.o
 .text.UART_SetConfig
                0x0000000008001848       0xcc build/stm32f1xx_hal_uart.o
 .text.HAL_UART_Init
                0x0000000008001914       0x64 build/stm32f1xx_hal_uart.o
                0x0000000008001914                HAL_UART_Init
 .text.HAL_UART_Receive_DMA
                0x0000000008001978       0xac build/stm32f1xx_hal_uart.o
                0x0000000008001978                HAL_UART_Receive_DMA
 .text.HAL_UART_TxCpltCallback
                0x0000000008001a24        0x4 build/stm32f1xx_hal_uart.o
                0x0000000008001a24                HAL_UART_TxCpltCallback
 .text.UART_EndTransmit_IT
                0x0000000008001a28       0x1c build/stm32f1xx_hal_uart.o
 .text.UART_DMAReceiveCplt
                0x0000000008001a44       0x40 build/stm32f1xx_hal_uart.o
 .text.UART_Receive_IT
                0x0000000008001a84       0x9c build/stm32f1xx_hal_uart.o
 .text.HAL_UART_RxHalfCpltCallback
                0x0000000008001b20        0x4 build/stm32f1xx_hal_uart.o
                0x0000000008001b20                HAL_UART_RxHalfCpltCallback
 .text.UART_DMARxHalfCplt
                0x0000000008001b24        0xc build/stm32f1xx_hal_uart.o
 .text.HAL_UART_ErrorCallback
                0x0000000008001b30        0x4 build/stm32f1xx_hal_uart.o
                0x0000000008001b30                HAL_UART_ErrorCallback
 .text.UART_DMAError
                0x0000000008001b34       0x50 build/stm32f1xx_hal_uart.o
 .text.HAL_UART_IRQHandler
                0x0000000008001b84      0x11c build/stm32f1xx_hal_uart.o
                0x0000000008001b84                HAL_UART_IRQHandler
 .text.UART_DMAAbortOnError
                0x0000000008001ca0       0x10 build/stm32f1xx_hal_uart.o
 .text.SystemInit
                0x0000000008001cb0       0x4c build/system_stm32f1xx.o
                0x0000000008001cb0                SystemInit
 .text.Reset_Handler
                0x0000000008001cfc       0x48 build/startup_stm32f103xb.o
                0x0000000008001cfc                Reset_Handler
 .text.Default_Handler
                0x0000000008001d44        0x2 build/startup_stm32f103xb.o
                0x0000000008001d44                RTC_Alarm_IRQHandler
                0x0000000008001d44                EXTI2_IRQHandler
                0x0000000008001d44                TIM1_CC_IRQHandler
                0x0000000008001d44                PVD_IRQHandler
                0x0000000008001d44                EXTI3_IRQHandler
                0x0000000008001d44                EXTI0_IRQHandler
                0x0000000008001d44                I2C2_EV_IRQHandler
                0x0000000008001d44                ADC1_2_IRQHandler
                0x0000000008001d44                SPI1_IRQHandler
                0x0000000008001d44                TAMPER_IRQHandler
                0x0000000008001d44                DMA1_Channel4_IRQHandler
                0x0000000008001d44                USART3_IRQHandler
                0x0000000008001d44                RTC_IRQHandler
                0x0000000008001d44                DMA1_Channel7_IRQHandler
                0x0000000008001d44                CAN1_RX1_IRQHandler
                0x0000000008001d44                TIM4_IRQHandler
                0x0000000008001d44                I2C1_EV_IRQHandler
                0x0000000008001d44                DMA1_Channel6_IRQHandler
                0x0000000008001d44                TIM3_IRQHandler
                0x0000000008001d44                RCC_IRQHandler
                0x0000000008001d44                TIM1_TRG_COM_IRQHandler
                0x0000000008001d44                DMA1_Channel1_IRQHandler
                0x0000000008001d44                Default_Handler
                0x0000000008001d44                EXTI15_10_IRQHandler
                0x0000000008001d44                EXTI9_5_IRQHandler
                0x0000000008001d44                SPI2_IRQHandler
                0x0000000008001d44                EXTI4_IRQHandler
                0x0000000008001d44                USB_LP_CAN1_RX0_IRQHandler
                0x0000000008001d44                USB_HP_CAN1_TX_IRQHandler
                0x0000000008001d44                DMA1_Channel3_IRQHandler
                0x0000000008001d44                TIM1_UP_IRQHandler
                0x0000000008001d44                WWDG_IRQHandler
                0x0000000008001d44                TIM2_IRQHandler
                0x0000000008001d44                TIM1_BRK_IRQHandler
                0x0000000008001d44                EXTI1_IRQHandler
                0x0000000008001d44                USART2_IRQHandler
                0x0000000008001d44                I2C2_ER_IRQHandler
                0x0000000008001d44                DMA1_Channel2_IRQHandler
                0x0000000008001d44                CAN1_SCE_IRQHandler
                0x0000000008001d44                FLASH_IRQHandler
                0x0000000008001d44                I2C1_ER_IRQHandler
                0x0000000008001d44                USBWakeUp_IRQHandler
 *fill*         0x0000000008001d46        0x2 
 .text.__libc_init_array
                0x0000000008001d48       0x4c /usr/lib/gcc/arm-none-eabi/4.9.3/../../../arm-none-eabi/lib/armv7-m/libc_nano.a(lib_a-init.o)
                0x0000000008001d48                __libc_init_array
 *(.glue_7)
 .glue_7        0x0000000008001d94        0x0 linker stubs
 *(.glue_7t)
 .glue_7t       0x0000000008001d94        0x0 linker stubs
 *(.eh_frame)
 .eh_frame      0x0000000008001d94        0x0 /usr/lib/gcc/arm-none-eabi/4.9.3/armv7-m/crtbegin.o
 *(.init)
 .init          0x0000000008001d94        0x4 /usr/lib/gcc/arm-none-eabi/4.9.3/armv7-m/crti.o
                0x0000000008001d94                _init
 .init          0x0000000008001d98        0x8 /usr/lib/gcc/arm-none-eabi/4.9.3/armv7-m/crtn.o
 *(.fini)
 .fini          0x0000000008001da0        0x4 /usr/lib/gcc/arm-none-eabi/4.9.3/armv7-m/crti.o
                0x0000000008001da0                _fini
 .fini          0x0000000008001da4        0x8 /usr/lib/gcc/arm-none-eabi/4.9.3/armv7-m/crtn.o
                0x0000000008001dac                . = ALIGN (0x4)
                0x0000000008001dac                _etext = .

.vfp11_veneer   0x0000000008001dac        0x0
 .vfp11_veneer  0x0000000008001dac        0x0 linker stubs

.v4_bx          0x0000000008001dac        0x0
 .v4_bx         0x0000000008001dac        0x0 linker stubs

.iplt           0x0000000008001dac        0x0
 .iplt          0x0000000008001dac        0x0 /usr/lib/gcc/arm-none-eabi/4.9.3/armv7-m/crtbegin.o

.rodata         0x0000000008001dac       0x2c
                0x0000000008001dac                . = ALIGN (0x4)
 *(.rodata)
 .rodata        0x0000000008001dac       0x12 build/stm32f1xx_hal_rcc.o
 *(.rodata*)
 *fill*         0x0000000008001dbe        0x2 
 .rodata.AHBPrescTable
                0x0000000008001dc0       0x10 build/system_stm32f1xx.o
                0x0000000008001dc0                AHBPrescTable
 .rodata.APBPrescTable
                0x0000000008001dd0        0x8 build/system_stm32f1xx.o
                0x0000000008001dd0                APBPrescTable
                0x0000000008001dd8                . = ALIGN (0x4)

.rel.dyn        0x0000000008001dd8        0x0
 .rel.iplt      0x0000000008001dd8        0x0 /usr/lib/gcc/arm-none-eabi/4.9.3/armv7-m/crtbegin.o

.ARM.extab
 *(.ARM.extab* .gnu.linkonce.armextab.*)

.ARM            0x0000000008001dd8        0x0
                0x0000000008001dd8                __exidx_start = .
 *(.ARM.exidx*)
                0x0000000008001dd8                __exidx_end = .

.preinit_array  0x0000000008001dd8        0x0
                0x0000000008001dd8                PROVIDE (__preinit_array_start, .)
 *(.preinit_array*)
                0x0000000008001dd8                PROVIDE (__preinit_array_end, .)

.init_array     0x0000000008001dd8        0x4
                0x0000000008001dd8                PROVIDE (__init_array_start, .)
 *(SORT(.init_array.*))
 *(.init_array*)
 .init_array    0x0000000008001dd8        0x4 /usr/lib/gcc/arm-none-eabi/4.9.3/armv7-m/crtbegin.o
                0x0000000008001ddc                PROVIDE (__init_array_end, .)

.fini_array     0x0000000008001ddc        0x4
                0x0000000008001ddc                PROVIDE (__fini_array_start, .)
 *(SORT(.fini_array.*))
 *(.fini_array*)
 .fini_array    0x0000000008001ddc        0x4 /usr/lib/gcc/arm-none-eabi/4.9.3/armv7-m/crtbegin.o
                0x0000000008001de0                PROVIDE (__fini_array_end, .)
                0x0000000008001de0                _sidata = LOADADDR (.data)

.data           0x0000000020000000       0x14 load address 0x0000000008001de0
                0x0000000020000000                . = ALIGN (0x4)
                0x0000000020000000                _sdata = .
 *(.data)
 *(.data*)
 .data.speed_dutyCycle_ab
                0x0000000020000000        0x1 build/main.o
                0x0000000020000000                speed_dutyCycle_ab
 *fill*         0x0000000020000001        0x1 
 .data.recv_size
                0x0000000020000002        0x2 build/main.o
                0x0000000020000002                recv_size
 .data.steering_dutyCycle_ab
                0x0000000020000004        0x1 build/main.o
                0x0000000020000004                steering_dutyCycle_ab
 *fill*         0x0000000020000005        0x3 
 .data.uwTickPrio
                0x0000000020000008        0x4 build/stm32f1xx_hal.o
                0x0000000020000008                uwTickPrio
 .data.uwTickFreq
                0x000000002000000c        0x1 build/stm32f1xx_hal.o
                0x000000002000000c                uwTickFreq
 *fill*         0x000000002000000d        0x3 
 .data.SystemCoreClock
                0x0000000020000010        0x4 build/system_stm32f1xx.o
                0x0000000020000010                SystemCoreClock
                0x0000000020000014                . = ALIGN (0x4)
                0x0000000020000014                _edata = .

.jcr            0x0000000020000014        0x0 load address 0x0000000008001df4
 .jcr           0x0000000020000014        0x0 /usr/lib/gcc/arm-none-eabi/4.9.3/armv7-m/crtbegin.o

.tm_clone_table
                0x0000000020000014        0x0 load address 0x0000000008001df4
 .tm_clone_table
                0x0000000020000014        0x0 /usr/lib/gcc/arm-none-eabi/4.9.3/armv7-m/crtbegin.o
 .tm_clone_table
                0x0000000020000014        0x0 /usr/lib/gcc/arm-none-eabi/4.9.3/armv7-m/crtend.o

.igot.plt       0x0000000020000014        0x0 load address 0x0000000008001df4
 .igot.plt      0x0000000020000014        0x0 /usr/lib/gcc/arm-none-eabi/4.9.3/armv7-m/crtbegin.o
                0x0000000020000014                . = ALIGN (0x4)

.bss            0x0000000020000014       0xf0 load address 0x0000000008001df4
                0x0000000020000014                _sbss = .
                0x0000000020000014                __bss_start__ = _sbss
 *(.bss)
 .bss           0x0000000020000014       0x1c /usr/lib/gcc/arm-none-eabi/4.9.3/armv7-m/crtbegin.o
 *(.bss*)
 .bss.recv_buf  0x0000000020000030        0x9 build/main.o
                0x0000000020000030                recv_buf
 *fill*         0x0000000020000039        0x1 
 .bss.dutyCycle
                0x000000002000003a        0x2 build/main.o
                0x000000002000003a                dutyCycle
 *(COMMON)
 COMMON         0x000000002000003c       0x40 build/tim.o
                0x000000002000003c                htim4
 COMMON         0x000000002000007c       0x84 build/usart.o
                0x000000002000007c                hdma_usart1_rx
                0x00000000200000c0                huart1
 COMMON         0x0000000020000100        0x4 build/stm32f1xx_hal.o
                0x0000000020000100                uwTick
                0x0000000020000104                . = ALIGN (0x4)
                0x0000000020000104                _ebss = .
                0x0000000020000104                __bss_end__ = _ebss

._user_heap_stack
                0x0000000020000104      0x604 load address 0x0000000008001df4
                0x0000000020000108                . = ALIGN (0x8)
 *fill*         0x0000000020000104        0x4 
                [!provide]                        PROVIDE (end, .)
                [!provide]                        PROVIDE (_end, .)
                0x0000000020000308                . = (. + _Min_Heap_Size)
 *fill*         0x0000000020000108      0x200 
                0x0000000020000708                . = (. + _Min_Stack_Size)
 *fill*         0x0000000020000308      0x400 
                0x0000000020000708                . = ALIGN (0x8)

/DISCARD/
 libc.a(*)
 libm.a(*)
 libgcc.a(*)

.ARM.attributes
                0x0000000000000000       0x29
 *(.ARM.attributes)
 .ARM.attributes
                0x0000000000000000       0x1d /usr/lib/gcc/arm-none-eabi/4.9.3/armv7-m/crti.o
 .ARM.attributes
                0x000000000000001d       0x2d /usr/lib/gcc/arm-none-eabi/4.9.3/armv7-m/crtbegin.o
 .ARM.attributes
                0x000000000000004a       0x33 build/main.o
 .ARM.attributes
                0x000000000000007d       0x33 build/gpio.o
 .ARM.attributes
                0x00000000000000b0       0x33 build/dma.o
 .ARM.attributes
                0x00000000000000e3       0x33 build/tim.o
 .ARM.attributes
                0x0000000000000116       0x33 build/usart.o
 .ARM.attributes
                0x0000000000000149       0x33 build/stm32f1xx_it.o
 .ARM.attributes
                0x000000000000017c       0x33 build/stm32f1xx_hal_msp.o
 .ARM.attributes
                0x00000000000001af       0x33 build/stm32f1xx_hal_tim.o
 .ARM.attributes
                0x00000000000001e2       0x33 build/stm32f1xx_hal_tim_ex.o
 .ARM.attributes
                0x0000000000000215       0x33 build/stm32f1xx_hal.o
 .ARM.attributes
                0x0000000000000248       0x33 build/stm32f1xx_hal_rcc.o
 .ARM.attributes
                0x000000000000027b       0x33 build/stm32f1xx_hal_gpio.o
 .ARM.attributes
                0x00000000000002ae       0x33 build/stm32f1xx_hal_dma.o
 .ARM.attributes
                0x00000000000002e1       0x33 build/stm32f1xx_hal_cortex.o
 .ARM.attributes
                0x0000000000000314       0x33 build/stm32f1xx_hal_uart.o
 .ARM.attributes
                0x0000000000000347       0x33 build/system_stm32f1xx.o
 .ARM.attributes
                0x000000000000037a       0x21 build/startup_stm32f103xb.o
 .ARM.attributes
                0x000000000000039b       0x2d /usr/lib/gcc/arm-none-eabi/4.9.3/../../../arm-none-eabi/lib/armv7-m/libc_nano.a(lib_a-init.o)
 .ARM.attributes
                0x00000000000003c8       0x2d /usr/lib/gcc/arm-none-eabi/4.9.3/armv7-m/crtend.o
 .ARM.attributes
                0x00000000000003f5       0x1d /usr/lib/gcc/arm-none-eabi/4.9.3/armv7-m/crtn.o
OUTPUT(build/smart_car.elf elf32-littlearm)

.comment        0x0000000000000000       0x70
 .comment       0x0000000000000000       0x38 /usr/lib/gcc/arm-none-eabi/4.9.3/armv7-m/crtbegin.o
                                         0x39 (size before relaxing)
 .comment       0x0000000000000038       0x39 build/main.o
 .comment       0x0000000000000038       0x39 build/gpio.o
 .comment       0x0000000000000038       0x39 build/dma.o
 .comment       0x0000000000000038       0x39 build/tim.o
 .comment       0x0000000000000038       0x39 build/usart.o
 .comment       0x0000000000000038       0x39 build/stm32f1xx_it.o
 .comment       0x0000000000000038       0x39 build/stm32f1xx_hal_msp.o
 .comment       0x0000000000000038       0x39 build/stm32f1xx_hal_tim.o
 .comment       0x0000000000000038       0x39 build/stm32f1xx_hal_tim_ex.o
 .comment       0x0000000000000038       0x39 build/stm32f1xx_hal.o
 .comment       0x0000000000000038       0x39 build/stm32f1xx_hal_rcc.o
 .comment       0x0000000000000038       0x39 build/stm32f1xx_hal_gpio.o
 .comment       0x0000000000000038       0x39 build/stm32f1xx_hal_dma.o
 .comment       0x0000000000000038       0x39 build/stm32f1xx_hal_cortex.o
 .comment       0x0000000000000038       0x39 build/stm32f1xx_hal_uart.o
 .comment       0x0000000000000038       0x39 build/system_stm32f1xx.o
 .comment       0x0000000000000038       0x38 /usr/lib/gcc/arm-none-eabi/4.9.3/../../../arm-none-eabi/lib/armv7-m/libc_nano.a(lib_a-init.o)
                                         0x39 (size before relaxing)
 .comment       0x0000000000000070       0x39 /usr/lib/gcc/arm-none-eabi/4.9.3/armv7-m/crtend.o

.debug_info     0x0000000000000000     0xc784
 .debug_info    0x0000000000000000      0xe0c build/main.o
 .debug_info    0x0000000000000e0c      0x409 build/gpio.o
 .debug_info    0x0000000000001215      0x345 build/dma.o
 .debug_info    0x000000000000155a      0xa5d build/tim.o
 .debug_info    0x0000000000001fb7      0xac6 build/usart.o
 .debug_info    0x0000000000002a7d      0x6af build/stm32f1xx_it.o
 .debug_info    0x000000000000312c      0x246 build/stm32f1xx_hal_msp.o
 .debug_info    0x0000000000003372     0x33d5 build/stm32f1xx_hal_tim.o
 .debug_info    0x0000000000006747     0x15c2 build/stm32f1xx_hal_tim_ex.o
 .debug_info    0x0000000000007d09      0x804 build/stm32f1xx_hal.o
 .debug_info    0x000000000000850d      0xa71 build/stm32f1xx_hal_rcc.o
 .debug_info    0x0000000000008f7e      0x63d build/stm32f1xx_hal_gpio.o
 .debug_info    0x00000000000095bb      0x810 build/stm32f1xx_hal_dma.o
 .debug_info    0x0000000000009dcb      0xcbd build/stm32f1xx_hal_cortex.o
 .debug_info    0x000000000000aa88     0x1790 build/stm32f1xx_hal_uart.o
 .debug_info    0x000000000000c218      0x407 build/system_stm32f1xx.o
 .debug_info    0x000000000000c61f       0x60 build/startup_stm32f103xb.o
 .debug_info    0x000000000000c67f      0x105 /usr/lib/gcc/arm-none-eabi/4.9.3/../../../arm-none-eabi/lib/armv7-m/libc_nano.a(lib_a-init.o)

.debug_abbrev   0x0000000000000000     0x1fcf
 .debug_abbrev  0x0000000000000000      0x25b build/main.o
 .debug_abbrev  0x000000000000025b      0x145 build/gpio.o
 .debug_abbrev  0x00000000000003a0      0x122 build/dma.o
 .debug_abbrev  0x00000000000004c2      0x21b build/tim.o
 .debug_abbrev  0x00000000000006dd      0x1d9 build/usart.o
 .debug_abbrev  0x00000000000008b6      0x15c build/stm32f1xx_it.o
 .debug_abbrev  0x0000000000000a12       0xd8 build/stm32f1xx_hal_msp.o
 .debug_abbrev  0x0000000000000aea      0x27b build/stm32f1xx_hal_tim.o
 .debug_abbrev  0x0000000000000d65      0x276 build/stm32f1xx_hal_tim_ex.o
 .debug_abbrev  0x0000000000000fdb      0x200 build/stm32f1xx_hal.o
 .debug_abbrev  0x00000000000011db      0x28c build/stm32f1xx_hal_rcc.o
 .debug_abbrev  0x0000000000001467      0x1f7 build/stm32f1xx_hal_gpio.o
 .debug_abbrev  0x000000000000165e      0x21c build/stm32f1xx_hal_dma.o
 .debug_abbrev  0x000000000000187a      0x2bf build/stm32f1xx_hal_cortex.o
 .debug_abbrev  0x0000000000001b39      0x2a8 build/stm32f1xx_hal_uart.o
 .debug_abbrev  0x0000000000001de1      0x122 build/system_stm32f1xx.o
 .debug_abbrev  0x0000000000001f03       0x12 build/startup_stm32f103xb.o
 .debug_abbrev  0x0000000000001f15       0xba /usr/lib/gcc/arm-none-eabi/4.9.3/../../../arm-none-eabi/lib/armv7-m/libc_nano.a(lib_a-init.o)

.debug_loc      0x0000000000000000     0x8f3f
 .debug_loc     0x0000000000000000      0x22d build/main.o
 .debug_loc     0x000000000000022d       0x39 build/gpio.o
 .debug_loc     0x0000000000000266       0x38 build/dma.o
 .debug_loc     0x000000000000029e       0xbd build/tim.o
 .debug_loc     0x000000000000035b       0xd9 build/usart.o
 .debug_loc     0x0000000000000434       0x60 build/stm32f1xx_it.o
 .debug_loc     0x0000000000000494       0x2c build/stm32f1xx_hal_msp.o
 .debug_loc     0x00000000000004c0     0x4308 build/stm32f1xx_hal_tim.o
 .debug_loc     0x00000000000047c8     0x14dc build/stm32f1xx_hal_tim_ex.o
 .debug_loc     0x0000000000005ca4      0x199 build/stm32f1xx_hal.o
 .debug_loc     0x0000000000005e3d      0x709 build/stm32f1xx_hal_rcc.o
 .debug_loc     0x0000000000006546      0x398 build/stm32f1xx_hal_gpio.o
 .debug_loc     0x00000000000068de      0x827 build/stm32f1xx_hal_dma.o
 .debug_loc     0x0000000000007105      0x55f build/stm32f1xx_hal_cortex.o
 .debug_loc     0x0000000000007664     0x17af build/stm32f1xx_hal_uart.o
 .debug_loc     0x0000000000008e13       0xe4 build/system_stm32f1xx.o
 .debug_loc     0x0000000000008ef7       0x48 /usr/lib/gcc/arm-none-eabi/4.9.3/../../../arm-none-eabi/lib/armv7-m/libc_nano.a(lib_a-init.o)

.debug_aranges  0x0000000000000000      0xb80
 .debug_aranges
                0x0000000000000000       0x38 build/main.o
 .debug_aranges
                0x0000000000000038       0x20 build/gpio.o
 .debug_aranges
                0x0000000000000058       0x20 build/dma.o
 .debug_aranges
                0x0000000000000078       0x38 build/tim.o
 .debug_aranges
                0x00000000000000b0       0x30 build/usart.o
 .debug_aranges
                0x00000000000000e0       0x70 build/stm32f1xx_it.o
 .debug_aranges
                0x0000000000000150       0x20 build/stm32f1xx_hal_msp.o
 .debug_aranges
                0x0000000000000170      0x3a8 build/stm32f1xx_hal_tim.o
 .debug_aranges
                0x0000000000000518      0x150 build/stm32f1xx_hal_tim_ex.o
 .debug_aranges
                0x0000000000000668       0xe0 build/stm32f1xx_hal.o
 .debug_aranges
                0x0000000000000748       0x90 build/stm32f1xx_hal_rcc.o
 .debug_aranges
                0x00000000000007d8       0x58 build/stm32f1xx_hal_gpio.o
 .debug_aranges
                0x0000000000000830       0x80 build/stm32f1xx_hal_dma.o
 .debug_aranges
                0x00000000000008b0       0x90 build/stm32f1xx_hal_cortex.o
 .debug_aranges
                0x0000000000000940      0x1d0 build/stm32f1xx_hal_uart.o
 .debug_aranges
                0x0000000000000b10       0x28 build/system_stm32f1xx.o
 .debug_aranges
                0x0000000000000b38       0x28 build/startup_stm32f103xb.o
 .debug_aranges
                0x0000000000000b60       0x20 /usr/lib/gcc/arm-none-eabi/4.9.3/../../../arm-none-eabi/lib/armv7-m/libc_nano.a(lib_a-init.o)

.debug_ranges   0x0000000000000000      0xa80
 .debug_ranges  0x0000000000000000       0x28 build/main.o
 .debug_ranges  0x0000000000000028       0x10 build/gpio.o
 .debug_ranges  0x0000000000000038       0x10 build/dma.o
 .debug_ranges  0x0000000000000048       0x28 build/tim.o
 .debug_ranges  0x0000000000000070       0x20 build/usart.o
 .debug_ranges  0x0000000000000090       0x60 build/stm32f1xx_it.o
 .debug_ranges  0x00000000000000f0       0x10 build/stm32f1xx_hal_msp.o
 .debug_ranges  0x0000000000000100      0x398 build/stm32f1xx_hal_tim.o
 .debug_ranges  0x0000000000000498      0x140 build/stm32f1xx_hal_tim_ex.o
 .debug_ranges  0x00000000000005d8       0xd0 build/stm32f1xx_hal.o
 .debug_ranges  0x00000000000006a8       0x98 build/stm32f1xx_hal_rcc.o
 .debug_ranges  0x0000000000000740       0x48 build/stm32f1xx_hal_gpio.o
 .debug_ranges  0x0000000000000788       0x70 build/stm32f1xx_hal_dma.o
 .debug_ranges  0x00000000000007f8       0x80 build/stm32f1xx_hal_cortex.o
 .debug_ranges  0x0000000000000878      0x1c0 build/stm32f1xx_hal_uart.o
 .debug_ranges  0x0000000000000a38       0x18 build/system_stm32f1xx.o
 .debug_ranges  0x0000000000000a50       0x20 build/startup_stm32f103xb.o
 .debug_ranges  0x0000000000000a70       0x10 /usr/lib/gcc/arm-none-eabi/4.9.3/../../../arm-none-eabi/lib/armv7-m/libc_nano.a(lib_a-init.o)

.debug_line     0x0000000000000000     0x441b
 .debug_line    0x0000000000000000      0x266 build/main.o
 .debug_line    0x0000000000000266      0x140 build/gpio.o
 .debug_line    0x00000000000003a6      0x12c build/dma.o
 .debug_line    0x00000000000004d2      0x1e9 build/tim.o
 .debug_line    0x00000000000006bb      0x1df build/usart.o
 .debug_line    0x000000000000089a      0x229 build/stm32f1xx_it.o
 .debug_line    0x0000000000000ac3      0x100 build/stm32f1xx_hal_msp.o
 .debug_line    0x0000000000000bc3     0x11ae build/stm32f1xx_hal_tim.o
 .debug_line    0x0000000000001d71      0x77d build/stm32f1xx_hal_tim_ex.o
 .debug_line    0x00000000000024ee      0x352 build/stm32f1xx_hal.o
 .debug_line    0x0000000000002840      0x4ba build/stm32f1xx_hal_rcc.o
 .debug_line    0x0000000000002cfa      0x2cc build/stm32f1xx_hal_gpio.o
 .debug_line    0x0000000000002fc6      0x4d7 build/stm32f1xx_hal_dma.o
 .debug_line    0x000000000000349d      0x2c9 build/stm32f1xx_hal_cortex.o
 .debug_line    0x0000000000003766      0xa50 build/stm32f1xx_hal_uart.o
 .debug_line    0x00000000000041b6      0x13c build/system_stm32f1xx.o
 .debug_line    0x00000000000042f2       0x72 build/startup_stm32f103xb.o
 .debug_line    0x0000000000004364       0xb7 /usr/lib/gcc/arm-none-eabi/4.9.3/../../../arm-none-eabi/lib/armv7-m/libc_nano.a(lib_a-init.o)

.debug_str      0x0000000000000000     0x34b9
 .debug_str     0x0000000000000000      0x94c build/main.o
                                        0x9fa (size before relaxing)
 .debug_str     0x000000000000094c       0x8b build/gpio.o
                                        0x25b (size before relaxing)
 .debug_str     0x00000000000009d7      0x311 build/dma.o
                                        0x4ba (size before relaxing)
 .debug_str     0x0000000000000ce8      0x160 build/tim.o
                                        0x76d (size before relaxing)
 .debug_str     0x0000000000000e48       0x98 build/usart.o
                                        0x99b (size before relaxing)
 .debug_str     0x0000000000000ee0      0x101 build/stm32f1xx_it.o
                                        0x61b (size before relaxing)
 .debug_str     0x0000000000000fe1       0x52 build/stm32f1xx_hal_msp.o
                                        0x1ef (size before relaxing)
 .debug_str     0x0000000000001033      0xd9e build/stm32f1xx_hal_tim.o
                                       0x1406 (size before relaxing)
 .debug_str     0x0000000000001dd1      0x4d5 build/stm32f1xx_hal_tim_ex.o
                                        0xc1e (size before relaxing)
 .debug_str     0x00000000000022a6      0x2f2 build/stm32f1xx_hal.o
                                        0x7f6 (size before relaxing)
 .debug_str     0x0000000000002598      0x1fe build/stm32f1xx_hal_rcc.o
                                        0x600 (size before relaxing)
 .debug_str     0x0000000000002796      0x109 build/stm32f1xx_hal_gpio.o
                                        0x3d5 (size before relaxing)
 .debug_str     0x000000000000289f      0x1e6 build/stm32f1xx_hal_dma.o
                                        0x5d2 (size before relaxing)
 .debug_str     0x0000000000002a85      0x387 build/stm32f1xx_hal_cortex.o
                                        0x896 (size before relaxing)
 .debug_str     0x0000000000002e0c      0x4c4 build/stm32f1xx_hal_uart.o
                                        0xb60 (size before relaxing)
 .debug_str     0x00000000000032d0       0x4a build/system_stm32f1xx.o
                                        0x282 (size before relaxing)
 .debug_str     0x000000000000331a      0x19f /usr/lib/gcc/arm-none-eabi/4.9.3/../../../arm-none-eabi/lib/armv7-m/libc_nano.a(lib_a-init.o)
                                        0x231 (size before relaxing)

.debug_frame    0x0000000000000000     0x200c
 .debug_frame   0x0000000000000000       0x74 build/main.o
 .debug_frame   0x0000000000000074       0x40 build/gpio.o
 .debug_frame   0x00000000000000b4       0x2c build/dma.o
 .debug_frame   0x00000000000000e0       0x70 build/tim.o
 .debug_frame   0x0000000000000150       0x74 build/usart.o
 .debug_frame   0x00000000000001c4       0xe4 build/stm32f1xx_it.o
 .debug_frame   0x00000000000002a8       0x28 build/stm32f1xx_hal_msp.o
 .debug_frame   0x00000000000002d0      0xbd8 build/stm32f1xx_hal_tim.o
 .debug_frame   0x0000000000000ea8      0x470 build/stm32f1xx_hal_tim_ex.o
 .debug_frame   0x0000000000001318      0x1e0 build/stm32f1xx_hal.o
 .debug_frame   0x00000000000014f8      0x1c8 build/stm32f1xx_hal_rcc.o
 .debug_frame   0x00000000000016c0       0xd4 build/stm32f1xx_hal_gpio.o
 .debug_frame   0x0000000000001794      0x17c build/stm32f1xx_hal_dma.o
 .debug_frame   0x0000000000001910      0x138 build/stm32f1xx_hal_cortex.o
 .debug_frame   0x0000000000001a48      0x568 build/stm32f1xx_hal_uart.o
 .debug_frame   0x0000000000001fb0       0x30 build/system_stm32f1xx.o
 .debug_frame   0x0000000000001fe0       0x2c /usr/lib/gcc/arm-none-eabi/4.9.3/../../../arm-none-eabi/lib/armv7-m/libc_nano.a(lib_a-init.o)

Cross Reference Table

Symbol                                            File
ADC1_2_IRQHandler                                 build/startup_stm32f103xb.o
AHBPrescTable                                     build/system_stm32f1xx.o
                                                  build/stm32f1xx_hal_rcc.o
APBPrescTable                                     build/system_stm32f1xx.o
                                                  build/stm32f1xx_hal_rcc.o
BusFault_Handler                                  build/stm32f1xx_it.o
CAN1_RX1_IRQHandler                               build/startup_stm32f103xb.o
CAN1_SCE_IRQHandler                               build/startup_stm32f103xb.o
DMA1_Channel1_IRQHandler                          build/startup_stm32f103xb.o
DMA1_Channel2_IRQHandler                          build/startup_stm32f103xb.o
DMA1_Channel3_IRQHandler                          build/startup_stm32f103xb.o
DMA1_Channel4_IRQHandler                          build/startup_stm32f103xb.o
DMA1_Channel5_IRQHandler                          build/stm32f1xx_it.o
DMA1_Channel6_IRQHandler                          build/startup_stm32f103xb.o
DMA1_Channel7_IRQHandler                          build/startup_stm32f103xb.o
DebugMon_Handler                                  build/stm32f1xx_it.o
Default_Handler                                   build/startup_stm32f103xb.o
EXTI0_IRQHandler                                  build/startup_stm32f103xb.o
EXTI15_10_IRQHandler                              build/startup_stm32f103xb.o
EXTI1_IRQHandler                                  build/startup_stm32f103xb.o
EXTI2_IRQHandler                                  build/startup_stm32f103xb.o
EXTI3_IRQHandler                                  build/startup_stm32f103xb.o
EXTI4_IRQHandler                                  build/startup_stm32f103xb.o
EXTI9_5_IRQHandler                                build/startup_stm32f103xb.o
Error_Handler                                     build/main.o
                                                  build/usart.o
                                                  build/tim.o
FLASH_IRQHandler                                  build/startup_stm32f103xb.o
FLASH_PageErase                                   build/stm32f1xx_hal_flash_ex.o
                                                  build/stm32f1xx_hal_flash.o
FLASH_WaitForLastOperation                        build/stm32f1xx_hal_flash.o
                                                  build/stm32f1xx_hal_flash_ex.o
HAL_DBGMCU_DisableDBGSleepMode                    build/stm32f1xx_hal.o
HAL_DBGMCU_DisableDBGStandbyMode                  build/stm32f1xx_hal.o
HAL_DBGMCU_DisableDBGStopMode                     build/stm32f1xx_hal.o
HAL_DBGMCU_EnableDBGSleepMode                     build/stm32f1xx_hal.o
HAL_DBGMCU_EnableDBGStandbyMode                   build/stm32f1xx_hal.o
HAL_DBGMCU_EnableDBGStopMode                      build/stm32f1xx_hal.o
HAL_DMA_Abort                                     build/stm32f1xx_hal_dma.o
                                                  build/stm32f1xx_hal_uart.o
HAL_DMA_Abort_IT                                  build/stm32f1xx_hal_dma.o
                                                  build/stm32f1xx_hal_uart.o
                                                  build/stm32f1xx_hal_tim_ex.o
                                                  build/stm32f1xx_hal_tim.o
HAL_DMA_DeInit                                    build/stm32f1xx_hal_dma.o
                                                  build/usart.o
HAL_DMA_GetError                                  build/stm32f1xx_hal_dma.o
                                                  build/stm32f1xx_hal_uart.o
HAL_DMA_GetState                                  build/stm32f1xx_hal_dma.o
HAL_DMA_IRQHandler                                build/stm32f1xx_hal_dma.o
                                                  build/stm32f1xx_it.o
HAL_DMA_Init                                      build/stm32f1xx_hal_dma.o
                                                  build/usart.o
HAL_DMA_PollForTransfer                           build/stm32f1xx_hal_dma.o
HAL_DMA_RegisterCallback                          build/stm32f1xx_hal_dma.o
HAL_DMA_Start                                     build/stm32f1xx_hal_dma.o
HAL_DMA_Start_IT                                  build/stm32f1xx_hal_dma.o
                                                  build/stm32f1xx_hal_uart.o
                                                  build/stm32f1xx_hal_tim_ex.o
                                                  build/stm32f1xx_hal_tim.o
HAL_DMA_UnRegisterCallback                        build/stm32f1xx_hal_dma.o
HAL_DeInit                                        build/stm32f1xx_hal.o
HAL_Delay                                         build/stm32f1xx_hal.o
                                                  build/main.o
HAL_EXTI_ClearConfigLine                          build/stm32f1xx_hal_exti.o
HAL_EXTI_ClearPending                             build/stm32f1xx_hal_exti.o
HAL_EXTI_GenerateSWI                              build/stm32f1xx_hal_exti.o
HAL_EXTI_GetConfigLine                            build/stm32f1xx_hal_exti.o
HAL_EXTI_GetHandle                                build/stm32f1xx_hal_exti.o
HAL_EXTI_GetPending                               build/stm32f1xx_hal_exti.o
HAL_EXTI_IRQHandler                               build/stm32f1xx_hal_exti.o
HAL_EXTI_RegisterCallback                         build/stm32f1xx_hal_exti.o
HAL_EXTI_SetConfigLine                            build/stm32f1xx_hal_exti.o
HAL_FLASHEx_Erase                                 build/stm32f1xx_hal_flash_ex.o
HAL_FLASHEx_Erase_IT                              build/stm32f1xx_hal_flash_ex.o
HAL_FLASHEx_OBErase                               build/stm32f1xx_hal_flash_ex.o
HAL_FLASHEx_OBGetConfig                           build/stm32f1xx_hal_flash_ex.o
HAL_FLASHEx_OBGetUserData                         build/stm32f1xx_hal_flash_ex.o
HAL_FLASHEx_OBProgram                             build/stm32f1xx_hal_flash_ex.o
HAL_FLASH_EndOfOperationCallback                  build/stm32f1xx_hal_flash.o
HAL_FLASH_GetError                                build/stm32f1xx_hal_flash.o
HAL_FLASH_IRQHandler                              build/stm32f1xx_hal_flash.o
HAL_FLASH_Lock                                    build/stm32f1xx_hal_flash.o
HAL_FLASH_OB_Launch                               build/stm32f1xx_hal_flash.o
HAL_FLASH_OB_Lock                                 build/stm32f1xx_hal_flash.o
HAL_FLASH_OB_Unlock                               build/stm32f1xx_hal_flash.o
HAL_FLASH_OperationErrorCallback                  build/stm32f1xx_hal_flash.o
HAL_FLASH_Program                                 build/stm32f1xx_hal_flash.o
HAL_FLASH_Program_IT                              build/stm32f1xx_hal_flash.o
HAL_FLASH_Unlock                                  build/stm32f1xx_hal_flash.o
HAL_GPIOEx_ConfigEventout                         build/stm32f1xx_hal_gpio_ex.o
HAL_GPIOEx_DisableEventout                        build/stm32f1xx_hal_gpio_ex.o
HAL_GPIOEx_EnableEventout                         build/stm32f1xx_hal_gpio_ex.o
HAL_GPIO_DeInit                                   build/stm32f1xx_hal_gpio.o
                                                  build/usart.o
HAL_GPIO_EXTI_Callback                            build/stm32f1xx_hal_gpio.o
HAL_GPIO_EXTI_IRQHandler                          build/stm32f1xx_hal_gpio.o
HAL_GPIO_Init                                     build/stm32f1xx_hal_gpio.o
                                                  build/stm32f1xx_hal_rcc.o
                                                  build/usart.o
                                                  build/tim.o
                                                  build/gpio.o
HAL_GPIO_LockPin                                  build/stm32f1xx_hal_gpio.o
HAL_GPIO_ReadPin                                  build/stm32f1xx_hal_gpio.o
HAL_GPIO_TogglePin                                build/stm32f1xx_hal_gpio.o
HAL_GPIO_WritePin                                 build/stm32f1xx_hal_gpio.o
                                                  build/gpio.o
                                                  build/main.o
HAL_GetDEVID                                      build/stm32f1xx_hal.o
HAL_GetHalVersion                                 build/stm32f1xx_hal.o
HAL_GetREVID                                      build/stm32f1xx_hal.o
HAL_GetTick                                       build/stm32f1xx_hal.o
                                                  build/stm32f1xx_hal_uart.o
                                                  build/stm32f1xx_hal_flash.o
                                                  build/stm32f1xx_hal_dma.o
                                                  build/stm32f1xx_hal_rcc_ex.o
                                                  build/stm32f1xx_hal_rcc.o
HAL_GetTickFreq                                   build/stm32f1xx_hal.o
HAL_GetTickPrio                                   build/stm32f1xx_hal.o
HAL_GetUIDw0                                      build/stm32f1xx_hal.o
HAL_GetUIDw1                                      build/stm32f1xx_hal.o
HAL_GetUIDw2                                      build/stm32f1xx_hal.o
HAL_HalfDuplex_EnableReceiver                     build/stm32f1xx_hal_uart.o
HAL_HalfDuplex_EnableTransmitter                  build/stm32f1xx_hal_uart.o
HAL_HalfDuplex_Init                               build/stm32f1xx_hal_uart.o
HAL_IncTick                                       build/stm32f1xx_hal.o
                                                  build/stm32f1xx_it.o
HAL_Init                                          build/stm32f1xx_hal.o
                                                  build/main.o
HAL_InitTick                                      build/stm32f1xx_hal.o
                                                  build/stm32f1xx_hal_rcc.o
HAL_LIN_Init                                      build/stm32f1xx_hal_uart.o
HAL_LIN_SendBreak                                 build/stm32f1xx_hal_uart.o
HAL_MspDeInit                                     build/stm32f1xx_hal.o
HAL_MspInit                                       build/stm32f1xx_hal_msp.o
HAL_MultiProcessor_EnterMuteMode                  build/stm32f1xx_hal_uart.o
HAL_MultiProcessor_ExitMuteMode                   build/stm32f1xx_hal_uart.o
HAL_MultiProcessor_Init                           build/stm32f1xx_hal_uart.o
HAL_NVIC_ClearPendingIRQ                          build/stm32f1xx_hal_cortex.o
HAL_NVIC_DisableIRQ                               build/stm32f1xx_hal_cortex.o
                                                  build/usart.o
HAL_NVIC_EnableIRQ                                build/stm32f1xx_hal_cortex.o
                                                  build/usart.o
                                                  build/dma.o
HAL_NVIC_GetActive                                build/stm32f1xx_hal_cortex.o
HAL_NVIC_GetPendingIRQ                            build/stm32f1xx_hal_cortex.o
HAL_NVIC_GetPriority                              build/stm32f1xx_hal_cortex.o
HAL_NVIC_GetPriorityGrouping                      build/stm32f1xx_hal_cortex.o
HAL_NVIC_SetPendingIRQ                            build/stm32f1xx_hal_cortex.o
HAL_NVIC_SetPriority                              build/stm32f1xx_hal_cortex.o
                                                  build/stm32f1xx_hal.o
                                                  build/usart.o
                                                  build/dma.o
HAL_NVIC_SetPriorityGrouping                      build/stm32f1xx_hal_cortex.o
                                                  build/stm32f1xx_hal.o
HAL_NVIC_SystemReset                              build/stm32f1xx_hal_cortex.o
                                                  build/stm32f1xx_hal_flash.o
HAL_PWR_ConfigPVD                                 build/stm32f1xx_hal_pwr.o
HAL_PWR_DeInit                                    build/stm32f1xx_hal_pwr.o
HAL_PWR_DisableBkUpAccess                         build/stm32f1xx_hal_pwr.o
HAL_PWR_DisablePVD                                build/stm32f1xx_hal_pwr.o
HAL_PWR_DisableSEVOnPend                          build/stm32f1xx_hal_pwr.o
HAL_PWR_DisableSleepOnExit                        build/stm32f1xx_hal_pwr.o
HAL_PWR_DisableWakeUpPin                          build/stm32f1xx_hal_pwr.o
HAL_PWR_EnableBkUpAccess                          build/stm32f1xx_hal_pwr.o
HAL_PWR_EnablePVD                                 build/stm32f1xx_hal_pwr.o
HAL_PWR_EnableSEVOnPend                           build/stm32f1xx_hal_pwr.o
HAL_PWR_EnableSleepOnExit                         build/stm32f1xx_hal_pwr.o
HAL_PWR_EnableWakeUpPin                           build/stm32f1xx_hal_pwr.o
HAL_PWR_EnterSLEEPMode                            build/stm32f1xx_hal_pwr.o
HAL_PWR_EnterSTANDBYMode                          build/stm32f1xx_hal_pwr.o
HAL_PWR_EnterSTOPMode                             build/stm32f1xx_hal_pwr.o
HAL_PWR_PVDCallback                               build/stm32f1xx_hal_pwr.o
HAL_PWR_PVD_IRQHandler                            build/stm32f1xx_hal_pwr.o
HAL_RCCEx_GetPeriphCLKConfig                      build/stm32f1xx_hal_rcc_ex.o
HAL_RCCEx_GetPeriphCLKFreq                        build/stm32f1xx_hal_rcc_ex.o
HAL_RCCEx_PeriphCLKConfig                         build/stm32f1xx_hal_rcc_ex.o
HAL_RCC_CSSCallback                               build/stm32f1xx_hal_rcc.o
HAL_RCC_ClockConfig                               build/stm32f1xx_hal_rcc.o
                                                  build/main.o
HAL_RCC_DeInit                                    build/stm32f1xx_hal_rcc.o
HAL_RCC_DisableCSS                                build/stm32f1xx_hal_rcc.o
HAL_RCC_EnableCSS                                 build/stm32f1xx_hal_rcc.o
HAL_RCC_GetClockConfig                            build/stm32f1xx_hal_rcc.o
HAL_RCC_GetHCLKFreq                               build/stm32f1xx_hal_rcc.o
HAL_RCC_GetOscConfig                              build/stm32f1xx_hal_rcc.o
HAL_RCC_GetPCLK1Freq                              build/stm32f1xx_hal_rcc.o
                                                  build/stm32f1xx_hal_uart.o
HAL_RCC_GetPCLK2Freq                              build/stm32f1xx_hal_rcc.o
                                                  build/stm32f1xx_hal_uart.o
                                                  build/stm32f1xx_hal_rcc_ex.o
HAL_RCC_GetSysClockFreq                           build/stm32f1xx_hal_rcc.o
HAL_RCC_MCOConfig                                 build/stm32f1xx_hal_rcc.o
HAL_RCC_NMI_IRQHandler                            build/stm32f1xx_hal_rcc.o
HAL_RCC_OscConfig                                 build/stm32f1xx_hal_rcc.o
                                                  build/main.o
HAL_ResumeTick                                    build/stm32f1xx_hal.o
HAL_SYSTICK_CLKSourceConfig                       build/stm32f1xx_hal_cortex.o
HAL_SYSTICK_Callback                              build/stm32f1xx_hal_cortex.o
HAL_SYSTICK_Config                                build/stm32f1xx_hal_cortex.o
                                                  build/stm32f1xx_hal.o
HAL_SYSTICK_IRQHandler                            build/stm32f1xx_hal_cortex.o
HAL_SetTickFreq                                   build/stm32f1xx_hal.o
HAL_SuspendTick                                   build/stm32f1xx_hal.o
HAL_TIMEx_BreakCallback                           build/stm32f1xx_hal_tim_ex.o
                                                  build/stm32f1xx_hal_tim.o
HAL_TIMEx_CommutCallback                          build/stm32f1xx_hal_tim_ex.o
                                                  build/stm32f1xx_hal_tim.o
HAL_TIMEx_CommutHalfCpltCallback                  build/stm32f1xx_hal_tim_ex.o
HAL_TIMEx_ConfigBreakDeadTime                     build/stm32f1xx_hal_tim_ex.o
HAL_TIMEx_ConfigCommutEvent                       build/stm32f1xx_hal_tim_ex.o
HAL_TIMEx_ConfigCommutEvent_DMA                   build/stm32f1xx_hal_tim_ex.o
HAL_TIMEx_ConfigCommutEvent_IT                    build/stm32f1xx_hal_tim_ex.o
HAL_TIMEx_HallSensor_DeInit                       build/stm32f1xx_hal_tim_ex.o
HAL_TIMEx_HallSensor_GetState                     build/stm32f1xx_hal_tim_ex.o
HAL_TIMEx_HallSensor_Init                         build/stm32f1xx_hal_tim_ex.o
HAL_TIMEx_HallSensor_MspDeInit                    build/stm32f1xx_hal_tim_ex.o
HAL_TIMEx_HallSensor_MspInit                      build/stm32f1xx_hal_tim_ex.o
HAL_TIMEx_HallSensor_Start                        build/stm32f1xx_hal_tim_ex.o
HAL_TIMEx_HallSensor_Start_DMA                    build/stm32f1xx_hal_tim_ex.o
HAL_TIMEx_HallSensor_Start_IT                     build/stm32f1xx_hal_tim_ex.o
HAL_TIMEx_HallSensor_Stop                         build/stm32f1xx_hal_tim_ex.o
HAL_TIMEx_HallSensor_Stop_DMA                     build/stm32f1xx_hal_tim_ex.o
HAL_TIMEx_HallSensor_Stop_IT                      build/stm32f1xx_hal_tim_ex.o
HAL_TIMEx_MasterConfigSynchronization             build/stm32f1xx_hal_tim_ex.o
                                                  build/tim.o
HAL_TIMEx_OCN_Start                               build/stm32f1xx_hal_tim_ex.o
HAL_TIMEx_OCN_Start_DMA                           build/stm32f1xx_hal_tim_ex.o
HAL_TIMEx_OCN_Start_IT                            build/stm32f1xx_hal_tim_ex.o
HAL_TIMEx_OCN_Stop                                build/stm32f1xx_hal_tim_ex.o
HAL_TIMEx_OCN_Stop_DMA                            build/stm32f1xx_hal_tim_ex.o
HAL_TIMEx_OCN_Stop_IT                             build/stm32f1xx_hal_tim_ex.o
HAL_TIMEx_OnePulseN_Start                         build/stm32f1xx_hal_tim_ex.o
HAL_TIMEx_OnePulseN_Start_IT                      build/stm32f1xx_hal_tim_ex.o
HAL_TIMEx_OnePulseN_Stop                          build/stm32f1xx_hal_tim_ex.o
HAL_TIMEx_OnePulseN_Stop_IT                       build/stm32f1xx_hal_tim_ex.o
HAL_TIMEx_PWMN_Start                              build/stm32f1xx_hal_tim_ex.o
HAL_TIMEx_PWMN_Start_DMA                          build/stm32f1xx_hal_tim_ex.o
HAL_TIMEx_PWMN_Start_IT                           build/stm32f1xx_hal_tim_ex.o
HAL_TIMEx_PWMN_Stop                               build/stm32f1xx_hal_tim_ex.o
HAL_TIMEx_PWMN_Stop_DMA                           build/stm32f1xx_hal_tim_ex.o
HAL_TIMEx_PWMN_Stop_IT                            build/stm32f1xx_hal_tim_ex.o
HAL_TIMEx_RemapConfig                             build/stm32f1xx_hal_tim_ex.o
HAL_TIM_Base_DeInit                               build/stm32f1xx_hal_tim.o
HAL_TIM_Base_GetState                             build/stm32f1xx_hal_tim.o
HAL_TIM_Base_Init                                 build/stm32f1xx_hal_tim.o
HAL_TIM_Base_MspDeInit                            build/stm32f1xx_hal_tim.o
HAL_TIM_Base_MspInit                              build/stm32f1xx_hal_tim.o
HAL_TIM_Base_Start                                build/stm32f1xx_hal_tim.o
HAL_TIM_Base_Start_DMA                            build/stm32f1xx_hal_tim.o
HAL_TIM_Base_Start_IT                             build/stm32f1xx_hal_tim.o
HAL_TIM_Base_Stop                                 build/stm32f1xx_hal_tim.o
HAL_TIM_Base_Stop_DMA                             build/stm32f1xx_hal_tim.o
HAL_TIM_Base_Stop_IT                              build/stm32f1xx_hal_tim.o
HAL_TIM_ConfigClockSource                         build/stm32f1xx_hal_tim.o
HAL_TIM_ConfigOCrefClear                          build/stm32f1xx_hal_tim.o
HAL_TIM_ConfigTI1Input                            build/stm32f1xx_hal_tim.o
HAL_TIM_DMABurst_ReadStart                        build/stm32f1xx_hal_tim.o
HAL_TIM_DMABurst_ReadStop                         build/stm32f1xx_hal_tim.o
HAL_TIM_DMABurst_WriteStart                       build/stm32f1xx_hal_tim.o
HAL_TIM_DMABurst_WriteStop                        build/stm32f1xx_hal_tim.o
HAL_TIM_Encoder_DeInit                            build/stm32f1xx_hal_tim.o
HAL_TIM_Encoder_GetState                          build/stm32f1xx_hal_tim.o
HAL_TIM_Encoder_Init                              build/stm32f1xx_hal_tim.o
HAL_TIM_Encoder_MspDeInit                         build/stm32f1xx_hal_tim.o
HAL_TIM_Encoder_MspInit                           build/stm32f1xx_hal_tim.o
HAL_TIM_Encoder_Start                             build/stm32f1xx_hal_tim.o
HAL_TIM_Encoder_Start_DMA                         build/stm32f1xx_hal_tim.o
HAL_TIM_Encoder_Start_IT                          build/stm32f1xx_hal_tim.o
HAL_TIM_Encoder_Stop                              build/stm32f1xx_hal_tim.o
HAL_TIM_Encoder_Stop_DMA                          build/stm32f1xx_hal_tim.o
HAL_TIM_Encoder_Stop_IT                           build/stm32f1xx_hal_tim.o
HAL_TIM_ErrorCallback                             build/stm32f1xx_hal_tim.o
HAL_TIM_GenerateEvent                             build/stm32f1xx_hal_tim.o
HAL_TIM_IC_CaptureCallback                        build/stm32f1xx_hal_tim.o
HAL_TIM_IC_CaptureHalfCpltCallback                build/stm32f1xx_hal_tim.o
HAL_TIM_IC_ConfigChannel                          build/stm32f1xx_hal_tim.o
HAL_TIM_IC_DeInit                                 build/stm32f1xx_hal_tim.o
HAL_TIM_IC_GetState                               build/stm32f1xx_hal_tim.o
HAL_TIM_IC_Init                                   build/stm32f1xx_hal_tim.o
HAL_TIM_IC_MspDeInit                              build/stm32f1xx_hal_tim.o
HAL_TIM_IC_MspInit                                build/stm32f1xx_hal_tim.o
HAL_TIM_IC_Start                                  build/stm32f1xx_hal_tim.o
HAL_TIM_IC_Start_DMA                              build/stm32f1xx_hal_tim.o
HAL_TIM_IC_Start_IT                               build/stm32f1xx_hal_tim.o
HAL_TIM_IC_Stop                                   build/stm32f1xx_hal_tim.o
HAL_TIM_IC_Stop_DMA                               build/stm32f1xx_hal_tim.o
HAL_TIM_IC_Stop_IT                                build/stm32f1xx_hal_tim.o
HAL_TIM_IRQHandler                                build/stm32f1xx_hal_tim.o
HAL_TIM_MspPostInit                               build/tim.o
HAL_TIM_OC_ConfigChannel                          build/stm32f1xx_hal_tim.o
HAL_TIM_OC_DeInit                                 build/stm32f1xx_hal_tim.o
HAL_TIM_OC_DelayElapsedCallback                   build/stm32f1xx_hal_tim.o
HAL_TIM_OC_GetState                               build/stm32f1xx_hal_tim.o
HAL_TIM_OC_Init                                   build/stm32f1xx_hal_tim.o
HAL_TIM_OC_MspDeInit                              build/stm32f1xx_hal_tim.o
HAL_TIM_OC_MspInit                                build/stm32f1xx_hal_tim.o
HAL_TIM_OC_Start                                  build/stm32f1xx_hal_tim.o
HAL_TIM_OC_Start_DMA                              build/stm32f1xx_hal_tim.o
HAL_TIM_OC_Start_IT                               build/stm32f1xx_hal_tim.o
HAL_TIM_OC_Stop                                   build/stm32f1xx_hal_tim.o
HAL_TIM_OC_Stop_DMA                               build/stm32f1xx_hal_tim.o
HAL_TIM_OC_Stop_IT                                build/stm32f1xx_hal_tim.o
HAL_TIM_OnePulse_ConfigChannel                    build/stm32f1xx_hal_tim.o
HAL_TIM_OnePulse_DeInit                           build/stm32f1xx_hal_tim.o
HAL_TIM_OnePulse_GetState                         build/stm32f1xx_hal_tim.o
HAL_TIM_OnePulse_Init                             build/stm32f1xx_hal_tim.o
HAL_TIM_OnePulse_MspDeInit                        build/stm32f1xx_hal_tim.o
HAL_TIM_OnePulse_MspInit                          build/stm32f1xx_hal_tim.o
HAL_TIM_OnePulse_Start                            build/stm32f1xx_hal_tim.o
HAL_TIM_OnePulse_Start_IT                         build/stm32f1xx_hal_tim.o
HAL_TIM_OnePulse_Stop                             build/stm32f1xx_hal_tim.o
HAL_TIM_OnePulse_Stop_IT                          build/stm32f1xx_hal_tim.o
HAL_TIM_PWM_ConfigChannel                         build/stm32f1xx_hal_tim.o
                                                  build/tim.o
HAL_TIM_PWM_DeInit                                build/stm32f1xx_hal_tim.o
HAL_TIM_PWM_GetState                              build/stm32f1xx_hal_tim.o
HAL_TIM_PWM_Init                                  build/stm32f1xx_hal_tim.o
                                                  build/tim.o
HAL_TIM_PWM_MspDeInit                             build/tim.o
HAL_TIM_PWM_MspInit                               build/tim.o
HAL_TIM_PWM_PulseFinishedCallback                 build/stm32f1xx_hal_tim.o
HAL_TIM_PWM_PulseFinishedHalfCpltCallback         build/stm32f1xx_hal_tim.o
HAL_TIM_PWM_Start                                 build/stm32f1xx_hal_tim.o
                                                  build/main.o
HAL_TIM_PWM_Start_DMA                             build/stm32f1xx_hal_tim.o
HAL_TIM_PWM_Start_IT                              build/stm32f1xx_hal_tim.o
HAL_TIM_PWM_Stop                                  build/stm32f1xx_hal_tim.o
HAL_TIM_PWM_Stop_DMA                              build/stm32f1xx_hal_tim.o
HAL_TIM_PWM_Stop_IT                               build/stm32f1xx_hal_tim.o
HAL_TIM_PeriodElapsedCallback                     build/stm32f1xx_hal_tim.o
HAL_TIM_PeriodElapsedHalfCpltCallback             build/stm32f1xx_hal_tim.o
HAL_TIM_ReadCapturedValue                         build/stm32f1xx_hal_tim.o
HAL_TIM_SlaveConfigSynchro                        build/stm32f1xx_hal_tim.o
HAL_TIM_SlaveConfigSynchro_IT                     build/stm32f1xx_hal_tim.o
HAL_TIM_TriggerCallback                           build/stm32f1xx_hal_tim.o
HAL_TIM_TriggerHalfCpltCallback                   build/stm32f1xx_hal_tim.o
HAL_UART_Abort                                    build/stm32f1xx_hal_uart.o
HAL_UART_AbortCpltCallback                        build/stm32f1xx_hal_uart.o
HAL_UART_AbortReceive                             build/stm32f1xx_hal_uart.o
HAL_UART_AbortReceiveCpltCallback                 build/stm32f1xx_hal_uart.o
HAL_UART_AbortReceive_IT                          build/stm32f1xx_hal_uart.o
HAL_UART_AbortTransmit                            build/stm32f1xx_hal_uart.o
HAL_UART_AbortTransmitCpltCallback                build/stm32f1xx_hal_uart.o
HAL_UART_AbortTransmit_IT                         build/stm32f1xx_hal_uart.o
HAL_UART_Abort_IT                                 build/stm32f1xx_hal_uart.o
HAL_UART_DMAPause                                 build/stm32f1xx_hal_uart.o
HAL_UART_DMAResume                                build/stm32f1xx_hal_uart.o
HAL_UART_DMAStop                                  build/stm32f1xx_hal_uart.o
HAL_UART_DeInit                                   build/stm32f1xx_hal_uart.o
HAL_UART_ErrorCallback                            build/stm32f1xx_hal_uart.o
HAL_UART_GetError                                 build/stm32f1xx_hal_uart.o
HAL_UART_GetState                                 build/stm32f1xx_hal_uart.o
HAL_UART_IRQHandler                               build/stm32f1xx_hal_uart.o
                                                  build/stm32f1xx_it.o
HAL_UART_Init                                     build/stm32f1xx_hal_uart.o
                                                  build/usart.o
HAL_UART_MspDeInit                                build/usart.o
HAL_UART_MspInit                                  build/usart.o
HAL_UART_Receive                                  build/stm32f1xx_hal_uart.o
HAL_UART_Receive_DMA                              build/stm32f1xx_hal_uart.o
                                                  build/main.o
HAL_UART_Receive_IT                               build/stm32f1xx_hal_uart.o
HAL_UART_RxCpltCallback                           build/main.o
HAL_UART_RxHalfCpltCallback                       build/stm32f1xx_hal_uart.o
HAL_UART_Transmit                                 build/stm32f1xx_hal_uart.o
HAL_UART_Transmit_DMA                             build/stm32f1xx_hal_uart.o
HAL_UART_Transmit_IT                              build/stm32f1xx_hal_uart.o
HAL_UART_TxCpltCallback                           build/stm32f1xx_hal_uart.o
HAL_UART_TxHalfCpltCallback                       build/stm32f1xx_hal_uart.o
HardFault_Handler                                 build/stm32f1xx_it.o
I2C1_ER_IRQHandler                                build/startup_stm32f103xb.o
I2C1_EV_IRQHandler                                build/startup_stm32f103xb.o
I2C2_ER_IRQHandler                                build/startup_stm32f103xb.o
I2C2_EV_IRQHandler                                build/startup_stm32f103xb.o
MX_DMA_Init                                       build/dma.o
                                                  build/main.o
MX_GPIO_Init                                      build/gpio.o
                                                  build/main.o
MX_TIM4_Init                                      build/tim.o
                                                  build/main.o
MX_USART1_UART_Init                               build/usart.o
                                                  build/main.o
MemManage_Handler                                 build/stm32f1xx_it.o
NMI_Handler                                       build/stm32f1xx_it.o
PVD_IRQHandler                                    build/startup_stm32f103xb.o
PendSV_Handler                                    build/stm32f1xx_it.o
RCC_IRQHandler                                    build/startup_stm32f103xb.o
RTC_Alarm_IRQHandler                              build/startup_stm32f103xb.o
RTC_IRQHandler                                    build/startup_stm32f103xb.o
Reset_Handler                                     build/startup_stm32f103xb.o
SPI1_IRQHandler                                   build/startup_stm32f103xb.o
SPI2_IRQHandler                                   build/startup_stm32f103xb.o
SVC_Handler                                       build/stm32f1xx_it.o
SysTick_Handler                                   build/stm32f1xx_it.o
SystemClock_Config                                build/main.o
SystemCoreClock                                   build/system_stm32f1xx.o
                                                  build/stm32f1xx_hal_rcc.o
                                                  build/stm32f1xx_hal.o
SystemCoreClockUpdate                             build/system_stm32f1xx.o
SystemInit                                        build/system_stm32f1xx.o
                                                  build/startup_stm32f103xb.o
TAMPER_IRQHandler                                 build/startup_stm32f103xb.o
TIM1_BRK_IRQHandler                               build/startup_stm32f103xb.o
TIM1_CC_IRQHandler                                build/startup_stm32f103xb.o
TIM1_TRG_COM_IRQHandler                           build/startup_stm32f103xb.o
TIM1_UP_IRQHandler                                build/startup_stm32f103xb.o
TIM2_IRQHandler                                   build/startup_stm32f103xb.o
TIM3_IRQHandler                                   build/startup_stm32f103xb.o
TIM4_IRQHandler                                   build/startup_stm32f103xb.o
TIMEx_DMACommutationCplt                          build/stm32f1xx_hal_tim_ex.o
                                                  build/stm32f1xx_hal_tim.o
TIMEx_DMACommutationHalfCplt                      build/stm32f1xx_hal_tim_ex.o
                                                  build/stm32f1xx_hal_tim.o
TIM_Base_SetConfig                                build/stm32f1xx_hal_tim.o
                                                  build/stm32f1xx_hal_tim_ex.o
TIM_CCxChannelCmd                                 build/stm32f1xx_hal_tim.o
                                                  build/stm32f1xx_hal_tim_ex.o
TIM_DMACaptureCplt                                build/stm32f1xx_hal_tim.o
                                                  build/stm32f1xx_hal_tim_ex.o
TIM_DMACaptureHalfCplt                            build/stm32f1xx_hal_tim.o
                                                  build/stm32f1xx_hal_tim_ex.o
TIM_DMADelayPulseCplt                             build/stm32f1xx_hal_tim.o
                                                  build/stm32f1xx_hal_tim_ex.o
TIM_DMADelayPulseHalfCplt                         build/stm32f1xx_hal_tim.o
                                                  build/stm32f1xx_hal_tim_ex.o
TIM_DMAError                                      build/stm32f1xx_hal_tim.o
                                                  build/stm32f1xx_hal_tim_ex.o
TIM_ETR_SetConfig                                 build/stm32f1xx_hal_tim.o
TIM_OC2_SetConfig                                 build/stm32f1xx_hal_tim.o
                                                  build/stm32f1xx_hal_tim_ex.o
TIM_TI1_SetConfig                                 build/stm32f1xx_hal_tim.o
                                                  build/stm32f1xx_hal_tim_ex.o
USART1_IRQHandler                                 build/stm32f1xx_it.o
USART2_IRQHandler                                 build/startup_stm32f103xb.o
USART3_IRQHandler                                 build/startup_stm32f103xb.o
USBWakeUp_IRQHandler                              build/startup_stm32f103xb.o
USB_HP_CAN1_TX_IRQHandler                         build/startup_stm32f103xb.o
USB_LP_CAN1_RX0_IRQHandler                        build/startup_stm32f103xb.o
UsageFault_Handler                                build/stm32f1xx_it.o
WWDG_IRQHandler                                   build/startup_stm32f103xb.o
_ITM_deregisterTMCloneTable                       /usr/lib/gcc/arm-none-eabi/4.9.3/armv7-m/crtbegin.o
_ITM_registerTMCloneTable                         /usr/lib/gcc/arm-none-eabi/4.9.3/armv7-m/crtbegin.o
_Jv_RegisterClasses                               /usr/lib/gcc/arm-none-eabi/4.9.3/armv7-m/crtbegin.o
__TMC_END__                                       /usr/lib/gcc/arm-none-eabi/4.9.3/armv7-m/crtend.o
                                                  /usr/lib/gcc/arm-none-eabi/4.9.3/armv7-m/crtbegin.o
__atexit_dummy                                    /usr/lib/gcc/arm-none-eabi/4.9.3/../../../arm-none-eabi/lib/armv7-m/libc_nano.a(lib_a-__atexit.o)
__bss_end__                                       /usr/lib/gcc/arm-none-eabi/4.9.3/../../../arm-none-eabi/lib/armv7-m/crt0.o
__bss_start__                                     /usr/lib/gcc/arm-none-eabi/4.9.3/../../../arm-none-eabi/lib/armv7-m/crt0.o
__call_exitprocs                                  /usr/lib/gcc/arm-none-eabi/4.9.3/../../../arm-none-eabi/lib/armv7-m/libc_nano.a(lib_a-__call_atexit.o)
                                                  /usr/lib/gcc/arm-none-eabi/4.9.3/../../../arm-none-eabi/lib/armv7-m/libc_nano.a(lib_a-__atexit.o)
                                                  /usr/lib/gcc/arm-none-eabi/4.9.3/../../../arm-none-eabi/lib/armv7-m/libc_nano.a(lib_a-exit.o)
__deregister_frame_info                           /usr/lib/gcc/arm-none-eabi/4.9.3/armv7-m/crtbegin.o
__dso_handle                                      /usr/lib/gcc/arm-none-eabi/4.9.3/armv7-m/crtbegin.o
__fini_array_end                                  /usr/lib/gcc/arm-none-eabi/4.9.3/../../../arm-none-eabi/lib/armv7-m/libc_nano.a(lib_a-fini.o)
__fini_array_start                                /usr/lib/gcc/arm-none-eabi/4.9.3/../../../arm-none-eabi/lib/armv7-m/libc_nano.a(lib_a-fini.o)
__init_array_end                                  /usr/lib/gcc/arm-none-eabi/4.9.3/../../../arm-none-eabi/lib/armv7-m/libc_nano.a(lib_a-init.o)
__init_array_start                                /usr/lib/gcc/arm-none-eabi/4.9.3/../../../arm-none-eabi/lib/armv7-m/libc_nano.a(lib_a-init.o)
__libc_fini_array                                 /usr/lib/gcc/arm-none-eabi/4.9.3/../../../arm-none-eabi/lib/armv7-m/libc_nano.a(lib_a-fini.o)
                                                  /usr/lib/gcc/arm-none-eabi/4.9.3/../../../arm-none-eabi/lib/armv7-m/crt0.o
__libc_init_array                                 /usr/lib/gcc/arm-none-eabi/4.9.3/../../../arm-none-eabi/lib/armv7-m/libc_nano.a(lib_a-init.o)
                                                  build/startup_stm32f103xb.o
                                                  /usr/lib/gcc/arm-none-eabi/4.9.3/../../../arm-none-eabi/lib/armv7-m/crt0.o
__preinit_array_end                               /usr/lib/gcc/arm-none-eabi/4.9.3/../../../arm-none-eabi/lib/armv7-m/libc_nano.a(lib_a-init.o)
__preinit_array_start                             /usr/lib/gcc/arm-none-eabi/4.9.3/../../../arm-none-eabi/lib/armv7-m/libc_nano.a(lib_a-init.o)
__register_exitproc                               /usr/lib/gcc/arm-none-eabi/4.9.3/../../../arm-none-eabi/lib/armv7-m/libc_nano.a(lib_a-__atexit.o)
                                                  /usr/lib/gcc/arm-none-eabi/4.9.3/../../../arm-none-eabi/lib/armv7-m/libc_nano.a(lib_a-atexit.o)
__register_frame_info                             /usr/lib/gcc/arm-none-eabi/4.9.3/armv7-m/crtbegin.o
__sf_fake_stderr                                  /usr/lib/gcc/arm-none-eabi/4.9.3/../../../arm-none-eabi/lib/armv7-m/libc_nano.a(lib_a-impure.o)
__sf_fake_stdin                                   /usr/lib/gcc/arm-none-eabi/4.9.3/../../../arm-none-eabi/lib/armv7-m/libc_nano.a(lib_a-impure.o)
__sf_fake_stdout                                  /usr/lib/gcc/arm-none-eabi/4.9.3/../../../arm-none-eabi/lib/armv7-m/libc_nano.a(lib_a-impure.o)
__stack                                           /usr/lib/gcc/arm-none-eabi/4.9.3/../../../arm-none-eabi/lib/armv7-m/crt0.o
_ebss                                             build/startup_stm32f103xb.o
_edata                                            build/startup_stm32f103xb.o
_estack                                           build/startup_stm32f103xb.o
_exit                                             /usr/lib/gcc/arm-none-eabi/4.9.3/../../../arm-none-eabi/lib/armv7-m/libnosys.a(_exit.o)
                                                  /usr/lib/gcc/arm-none-eabi/4.9.3/../../../arm-none-eabi/lib/armv7-m/libc_nano.a(lib_a-exit.o)
_fini                                             /usr/lib/gcc/arm-none-eabi/4.9.3/armv7-m/crti.o
                                                  /usr/lib/gcc/arm-none-eabi/4.9.3/../../../arm-none-eabi/lib/armv7-m/libc_nano.a(lib_a-fini.o)
_global_atexit                                    /usr/lib/gcc/arm-none-eabi/4.9.3/../../../arm-none-eabi/lib/armv7-m/libc_nano.a(lib_a-__call_atexit.o)
                                                  /usr/lib/gcc/arm-none-eabi/4.9.3/../../../arm-none-eabi/lib/armv7-m/libc_nano.a(lib_a-__atexit.o)
_global_impure_ptr                                /usr/lib/gcc/arm-none-eabi/4.9.3/../../../arm-none-eabi/lib/armv7-m/libc_nano.a(lib_a-impure.o)
                                                  /usr/lib/gcc/arm-none-eabi/4.9.3/../../../arm-none-eabi/lib/armv7-m/libc_nano.a(lib_a-exit.o)
_impure_ptr                                       /usr/lib/gcc/arm-none-eabi/4.9.3/../../../arm-none-eabi/lib/armv7-m/libc_nano.a(lib_a-impure.o)
_init                                             /usr/lib/gcc/arm-none-eabi/4.9.3/armv7-m/crti.o
                                                  /usr/lib/gcc/arm-none-eabi/4.9.3/../../../arm-none-eabi/lib/armv7-m/libc_nano.a(lib_a-init.o)
_mainCRTStartup                                   /usr/lib/gcc/arm-none-eabi/4.9.3/../../../arm-none-eabi/lib/armv7-m/crt0.o
_sbss                                             build/startup_stm32f103xb.o
_sdata                                            build/startup_stm32f103xb.o
_sidata                                           build/startup_stm32f103xb.o
_start                                            /usr/lib/gcc/arm-none-eabi/4.9.3/../../../arm-none-eabi/lib/armv7-m/crt0.o
atexit                                            /usr/lib/gcc/arm-none-eabi/4.9.3/../../../arm-none-eabi/lib/armv7-m/libc_nano.a(lib_a-atexit.o)
                                                  /usr/lib/gcc/arm-none-eabi/4.9.3/../../../arm-none-eabi/lib/armv7-m/crt0.o
dutyCycle                                         build/main.o
exit                                              /usr/lib/gcc/arm-none-eabi/4.9.3/../../../arm-none-eabi/lib/armv7-m/libc_nano.a(lib_a-exit.o)
                                                  /usr/lib/gcc/arm-none-eabi/4.9.3/../../../arm-none-eabi/lib/armv7-m/crt0.o
free                                              /usr/lib/gcc/arm-none-eabi/4.9.3/../../../arm-none-eabi/lib/armv7-m/libc_nano.a(lib_a-__call_atexit.o)
g_pfnVectors                                      build/startup_stm32f103xb.o
hardware_init_hook                                /usr/lib/gcc/arm-none-eabi/4.9.3/../../../arm-none-eabi/lib/armv7-m/crt0.o
hdma_usart1_rx                                    build/usart.o
                                                  build/stm32f1xx_it.o
htim4                                             build/tim.o
                                                  build/main.o
huart1                                            build/usart.o
                                                  build/stm32f1xx_it.o
                                                  build/main.o
main                                              build/main.o
                                                  build/startup_stm32f103xb.o
                                                  /usr/lib/gcc/arm-none-eabi/4.9.3/../../../arm-none-eabi/lib/armv7-m/crt0.o
malloc                                            /usr/lib/gcc/arm-none-eabi/4.9.3/../../../arm-none-eabi/lib/armv7-m/libc_nano.a(lib_a-__atexit.o)
memset                                            /usr/lib/gcc/arm-none-eabi/4.9.3/../../../arm-none-eabi/lib/armv7-m/libc_nano.a(lib_a-memset.o)
                                                  /usr/lib/gcc/arm-none-eabi/4.9.3/../../../arm-none-eabi/lib/armv7-m/crt0.o
pFlash                                            build/stm32f1xx_hal_flash.o
                                                  build/stm32f1xx_hal_flash_ex.o
recv_buf                                          build/main.o
recv_size                                         build/main.o
software_init_hook                                /usr/lib/gcc/arm-none-eabi/4.9.3/../../../arm-none-eabi/lib/armv7-m/crt0.o
speed_dutyCycle_ab                                build/main.o
steering_dutyCycle_ab                             build/main.o
uwTick                                            build/stm32f1xx_hal.o
uwTickFreq                                        build/stm32f1xx_hal.o
uwTickPrio                                        build/stm32f1xx_hal.o
                                                  build/stm32f1xx_hal_rcc.o
